

    [x]-[C]


You are now at: Stairway.
There is nothing here.

>> EAST
You move east, to Stairway.


[ ]-[x]


You are now at: Goose Heaven.
A dog is barking at you!
The path to freedom is clear. You can FLEE this place.

>> FLEE
You slip past the dastardly Goosechasers and run off into the wilderness!
Freedom at last!
========= F R E E D O M =========