

    [x]-[C]


You are now at: Stairway.
There is nothing here.

>> EAST
You move east, to Goose Heaven.

Chaser is trying to catch you!
Oh no, you've been caught!
========= GAME OVER =========